com/example/suivipatientjavafx/Controller/MedicamentController.class
com/example/suivipatientjavafx/HelloApplication.class
com/example/suivipatientjavafx/model/Rendezvous.class
com/example/suivipatientjavafx/Controller/RendezVous.class
com/example/suivipatientjavafx/Controller/PatientsController$1.class
com/example/suivipatientjavafx/dao/MedicamentDAO.class
module-info.class
com/example/suivipatientjavafx/Main.class
com/example/suivipatientjavafx/Controller/LoginController.class
com/example/suivipatientjavafx/model/Traitements.class
com/example/suivipatientjavafx/model/Utilisateurs.class
com/example/suivipatientjavafx/model/Patients.class
com/example/suivipatientjavafx/HelloController.class
com/example/suivipatientjavafx/Controller/PatientsController.class
com/example/suivipatientjavafx/util/HibernateSessionFactory.class
com/example/suivipatientjavafx/dao/TraitementsDAO.class
com/example/suivipatientjavafx/draft.class
com/example/suivipatientjavafx/dao/RendezvousDAO.class
com/example/suivipatientjavafx/model/Medicament.class
com/example/suivipatientjavafx/Controller/DashboardController.class
com/example/suivipatientjavafx/dao/PatientsDAO.class
com/example/suivipatientjavafx/Controller/DashboardSecController.class
com/example/suivipatientjavafx/dao/UtilisateursDAO.class
com/example/suivipatientjavafx/util/HashUtil.class
