/home/student/Desktop/SuiviPatient/src/main/java/com/example/suivipatientjavafx/Controller/DashboardController.java
/home/student/Desktop/SuiviPatient/src/main/java/com/example/suivipatientjavafx/Controller/DashboardSecController.java
/home/student/Desktop/SuiviPatient/src/main/java/com/example/suivipatientjavafx/Controller/LoginController.java
/home/student/Desktop/SuiviPatient/src/main/java/com/example/suivipatientjavafx/Controller/MedicamentController.java
/home/student/Desktop/SuiviPatient/src/main/java/com/example/suivipatientjavafx/Controller/PatientsController.java
/home/student/Desktop/SuiviPatient/src/main/java/com/example/suivipatientjavafx/Controller/RendezVous.java
/home/student/Desktop/SuiviPatient/src/main/java/com/example/suivipatientjavafx/HelloApplication.java
/home/student/Desktop/SuiviPatient/src/main/java/com/example/suivipatientjavafx/HelloController.java
/home/student/Desktop/SuiviPatient/src/main/java/com/example/suivipatientjavafx/Main.java
/home/student/Desktop/SuiviPatient/src/main/java/com/example/suivipatientjavafx/dao/MedicamentDAO.java
/home/student/Desktop/SuiviPatient/src/main/java/com/example/suivipatientjavafx/dao/PatientsDAO.java
/home/student/Desktop/SuiviPatient/src/main/java/com/example/suivipatientjavafx/dao/RendezvousDAO.java
/home/student/Desktop/SuiviPatient/src/main/java/com/example/suivipatientjavafx/dao/TraitementsDAO.java
/home/student/Desktop/SuiviPatient/src/main/java/com/example/suivipatientjavafx/dao/UtilisateursDAO.java
/home/student/Desktop/SuiviPatient/src/main/java/com/example/suivipatientjavafx/draft.java
/home/student/Desktop/SuiviPatient/src/main/java/com/example/suivipatientjavafx/model/Medicament.java
/home/student/Desktop/SuiviPatient/src/main/java/com/example/suivipatientjavafx/model/Patients.java
/home/student/Desktop/SuiviPatient/src/main/java/com/example/suivipatientjavafx/model/Rendezvous.java
/home/student/Desktop/SuiviPatient/src/main/java/com/example/suivipatientjavafx/model/Traitements.java
/home/student/Desktop/SuiviPatient/src/main/java/com/example/suivipatientjavafx/model/Utilisateurs.java
/home/student/Desktop/SuiviPatient/src/main/java/com/example/suivipatientjavafx/util/HashUtil.java
/home/student/Desktop/SuiviPatient/src/main/java/com/example/suivipatientjavafx/util/HibernateSessionFactory.java
/home/student/Desktop/SuiviPatient/src/main/java/module-info.java
